exports[`HSL Location should fetch location by given criteria 1`] = `
Object {
  "label": "Helsingin päärautatieasema, Helsinki",
  "lat": 60.17148,
  "lon": 24.941466,
}
`;
